D:\java\lwx-ai-agent\src\test\java\cn\lwx\lwxaiagent\common\ResultTest.java
D:\java\lwx-ai-agent\src\test\java\cn\lwx\lwxaiagent\infrastructure\ai\LlmGatewayTest.java
D:\java\lwx-ai-agent\src\test\java\cn\lwx\lwxaiagent\infrastructure\orchestration\CapabilityRouterTest.java
D:\java\lwx-ai-agent\src\test\java\cn\lwx\lwxaiagent\infrastructure\orchestration\ChatExecutorTierSliceTest.java
D:\java\lwx-ai-agent\src\test\java\cn\lwx\lwxaiagent\infrastructure\orchestration\graph\node\GraphToolLoopTest.java
D:\java\lwx-ai-agent\src\test\java\cn\lwx\lwxaiagent\infrastructure\orchestration\StreamRegistryTest.java
D:\java\lwx-ai-agent\src\test\java\cn\lwx\lwxaiagent\infrastructure\orchestration\tools\AgentToolPolicyTest.java
D:\java\lwx-ai-agent\src\test\java\cn\lwx\lwxaiagent\infrastructure\scheduler\OnlineLoadTrackerTest.java
D:\java\lwx-ai-agent\src\test\java\cn\lwx\lwxaiagent\infrastructure\scheduler\SchedulerBudgetTest.java
D:\java\lwx-ai-agent\src\test\java\cn\lwx\lwxaiagent\LwxAiAgentApplicationTests.java
D:\java\lwx-ai-agent\src\test\java\cn\lwx\lwxaiagent\memory\MemoryServiceTest.java
D:\java\lwx-ai-agent\src\test\java\cn\lwx\lwxaiagent\rag\rerank\LlmDocumentRerankerTest.java
D:\java\lwx-ai-agent\src\test\java\cn\lwx\lwxaiagent\service\RateLimiterTest.java
D:\java\lwx-ai-agent\src\test\java\cn\lwx\lwxaiagent\tenant\context\TenantContextTest.java
