cn\lwx\lwxaiagent\infrastructure\orchestration\tools\ToolCapability.class
cn\lwx\lwxaiagent\mapper\InsightRecordMapper.class
cn\lwx\lwxaiagent\retrieval\HybridRetrievalProperties$Rrf.class
cn\lwx\lwxaiagent\memory\MessageChatMemory.class
cn\lwx\lwxaiagent\harness\governance\GuardrailResult.class
cn\lwx\lwxaiagent\memory\MemoryExtractionScheduler.class
cn\lwx\lwxaiagent\infrastructure\ai\AgentMetricsInterceptor.class
cn\lwx\lwxaiagent\harness\governance\GuardrailRuleService$CompiledRule.class
cn\lwx\lwxaiagent\rag\LoveAppDocumentLoader.class
cn\lwx\lwxaiagent\config\RedisConfig.class
cn\lwx\lwxaiagent\evolution\SessionTracker.class
cn\lwx\lwxaiagent\infrastructure\orchestration\graph\OrchestrationGraph.class
cn\lwx\lwxaiagent\evolution\SkillReflector$SkillReflectionResult.class
cn\lwx\lwxaiagent\memory\MemoryVectorStore.class
cn\lwx\lwxaiagent\retrieval\HybridRetrievalProperties.class
cn\lwx\lwxaiagent\entity\RelationshipProfile.class
cn\lwx\lwxaiagent\mapper\ConversationSummaryMapper.class
cn\lwx\lwxaiagent\service\RateLimiter.class
cn\lwx\lwxaiagent\entity\SandboxSession.class
cn\lwx\lwxaiagent\infrastructure\orchestration\graph\GraphCheckpointConfig.class
cn\lwx\lwxaiagent\memory\MemoryExtractor$FactCandidate.class
cn\lwx\lwxaiagent\infrastructure\orchestration\AgentRegistry.class
cn\lwx\lwxaiagent\tenant\UserService.class
cn\lwx\lwxaiagent\retrieval\HybridRetrievalService.class
cn\lwx\lwxaiagent\evolution\config\EvolutionProperties.class
cn\lwx\lwxaiagent\infrastructure\orchestration\graph\GraphNodes.class
cn\lwx\lwxaiagent\memory\MemoryStore.class
cn\lwx\lwxaiagent\constant\FileConstant.class
cn\lwx\lwxaiagent\tenant\config\SecurityConfig.class
cn\lwx\lwxaiagent\infrastructure\orchestration\graph\OrchestrationGraph$EdgeAction.class
cn\lwx\lwxaiagent\infrastructure\scheduler\SchedulerBudget.class
cn\lwx\lwxaiagent\infrastructure\ai\LlmGatewayProperties.class
cn\lwx\lwxaiagent\mapper\MessageMapper.class
cn\lwx\lwxaiagent\tools\PDFGenerationTool.class
cn\lwx\lwxaiagent\controller\MemoryController.class
cn\lwx\lwxaiagent\infrastructure\orchestration\StreamRegistry.class
cn\lwx\lwxaiagent\rag\RagAdvisorConfig.class
cn\lwx\lwxaiagent\mapper\MessageMediaMapper.class
cn\lwx\lwxaiagent\infrastructure\observability\LangfuseReporter.class
cn\lwx\lwxaiagent\infrastructure\orchestration\graph\node\NormalChatNode.class
cn\lwx\lwxaiagent\tools\TerminalOperationTool.class
cn\lwx\lwxaiagent\controller\VoteController.class
cn\lwx\lwxaiagent\rag\KnowledgeBaseIncrementalSync$SyncResult.class
cn\lwx\lwxaiagent\infrastructure\orchestration\tools\ToolResolver.class
cn\lwx\lwxaiagent\infrastructure\orchestration\graph\GraphObservability.class
cn\lwx\lwxaiagent\mapper\EvolutionSkillMapper.class
cn\lwx\lwxaiagent\mapper\KnowledgeVoteMapper.class
cn\lwx\lwxaiagent\harness\governance\GuardrailRuleService$Verdict.class
cn\lwx\lwxaiagent\common\GlobalExceptionHandler.class
cn\lwx\lwxaiagent\service\ChatService.class
cn\lwx\lwxaiagent\harness\MyLoggerAdvisor.class
cn\lwx\lwxaiagent\memory\MemoryExtractor$MemoryOutput.class
cn\lwx\lwxaiagent\infrastructure\scheduler\OnlineLoadTracker.class
cn\lwx\lwxaiagent\admin\AdminController.class
cn\lwx\lwxaiagent\evolution\SkillRetriever.class
cn\lwx\lwxaiagent\rag\rerank\LlmDocumentReranker.class
cn\lwx\lwxaiagent\controller\AiController.class
cn\lwx\lwxaiagent\entity\SandboxMemory.class
cn\lwx\lwxaiagent\admin\GoldenSetRunner$GoldenReport.class
cn\lwx\lwxaiagent\service\DeleteService.class
cn\lwx\lwxaiagent\config\PgvectorProperties.class
cn\lwx\lwxaiagent\tenant\JwtTokenProvider.class
cn\lwx\lwxaiagent\infrastructure\orchestration\graph\GraphObservability$NodeActionLike.class
cn\lwx\lwxaiagent\infrastructure\orchestration\graph\OrchestrationGraph$NodeAction.class
cn\lwx\lwxaiagent\retrieval\HybridRetrievalProperties$Hybrid.class
cn\lwx\lwxaiagent\service\AgentTaskService.class
cn\lwx\lwxaiagent\canary\CanaryInterceptor.class
cn\lwx\lwxaiagent\mapper\UserMapper.class
cn\lwx\lwxaiagent\rag\rerank\RerankProperties.class
cn\lwx\lwxaiagent\infrastructure\orchestration\AgentResult$DeepResult.class
cn\lwx\lwxaiagent\mapper\SandboxPersonaMapper.class
cn\lwx\lwxaiagent\retrieval\HybridRetrievalProperties$Milvus.class
cn\lwx\lwxaiagent\rag\rerank\RerankDocumentPostProcessor.class
cn\lwx\lwxaiagent\config\CorsConfig.class
cn\lwx\lwxaiagent\infrastructure\ai\AgentGuardrailInterceptor.class
cn\lwx\lwxaiagent\mapper\AgentTaskMapper.class
cn\lwx\lwxaiagent\evolution\ReflectionScheduler.class
cn\lwx\lwxaiagent\infrastructure\ai\LlmGateway$EmptyContentException.class
cn\lwx\lwxaiagent\infrastructure\orchestration\graph\GraphRunner.class
cn\lwx\lwxaiagent\infrastructure\scheduler\SchedulerProperties$IdleBackoff.class
cn\lwx\lwxaiagent\mapper\GuardrailEventMapper.class
cn\lwx\lwxaiagent\harness\governance\GuardrailAdvisor.class
cn\lwx\lwxaiagent\mapper\RelationshipProfileMapper.class
cn\lwx\lwxaiagent\rag\ParentChildDocumentTransformer.class
cn\lwx\lwxaiagent\memory\MemoryExtractor.class
cn\lwx\lwxaiagent\mapper\UserMemoryMapper.class
cn\lwx\lwxaiagent\infrastructure\orchestration\tools\AgentToolPolicy.class
cn\lwx\lwxaiagent\tenant\filter\TenantFilter.class
cn\lwx\lwxaiagent\entity\UserMemory.class
cn\lwx\lwxaiagent\infrastructure\orchestration\graph\node\AgentLlmNode.class
cn\lwx\lwxaiagent\infrastructure\EncryptionService.class
cn\lwx\lwxaiagent\infrastructure\ai\VisionChatClient.class
cn\lwx\lwxaiagent\mapper\GuardrailRuleMapper.class
cn\lwx\lwxaiagent\infrastructure\orchestration\ChatExecutor.class
cn\lwx\lwxaiagent\retrieval\HybridRetrievalService$RankedDoc.class
cn\lwx\lwxaiagent\admin\PromptVersionService.class
cn\lwx\lwxaiagent\infrastructure\orchestration\graph\GraphStateKeys.class
cn\lwx\lwxaiagent\entity\SandboxPersona.class
cn\lwx\lwxaiagent\infrastructure\ai\LlmGatewayProperties$Retry.class
cn\lwx\lwxaiagent\canary\CanaryConfig.class
cn\lwx\lwxaiagent\controller\AuthController.class
cn\lwx\lwxaiagent\rag\QueryRewriter.class
cn\lwx\lwxaiagent\config\EmbeddingModelConfig.class
cn\lwx\lwxaiagent\evolution\SkillReflector.class
cn\lwx\lwxaiagent\infrastructure\orchestration\graph\node\CheckNode.class
cn\lwx\lwxaiagent\service\SandboxDriftDetector.class
cn\lwx\lwxaiagent\rag\MyKeywordEnricher.class
cn\lwx\lwxaiagent\rag\ParentChildDocumentRetriever$RankedDoc.class
cn\lwx\lwxaiagent\rag\PgVectorVectorStoreConfig.class
cn\lwx\lwxaiagent\harness\governance\GuardrailRuleService.class
cn\lwx\lwxaiagent\admin\GoldenSetRunner.class
cn\lwx\lwxaiagent\entity\ConversationSummary.class
cn\lwx\lwxaiagent\evolution\SkillIngestor.class
cn\lwx\lwxaiagent\evolution\SkillReflector$SkillReflectionOutput.class
cn\lwx\lwxaiagent\canary\CanaryContext.class
cn\lwx\lwxaiagent\LwxAiAgentApplication.class
cn\lwx\lwxaiagent\infrastructure\orchestration\CapabilityRouter.class
cn\lwx\lwxaiagent\memory\MemoryExtractor$FactCandidateRaw.class
cn\lwx\lwxaiagent\evolution\config\EvolutionConfig.class
cn\lwx\lwxaiagent\mapper\KnowledgeEntryMapper.class
cn\lwx\lwxaiagent\common\Result.class
cn\lwx\lwxaiagent\admin\GoldenSetRunner$CaseResult.class
cn\lwx\lwxaiagent\entity\Message.class
cn\lwx\lwxaiagent\infrastructure\ai\LlmGateway.class
cn\lwx\lwxaiagent\infrastructure\observability\LangfuseProperties.class
cn\lwx\lwxaiagent\tools\FileOperationTool.class
cn\lwx\lwxaiagent\mapper\SandboxMemoryMapper.class
cn\lwx\lwxaiagent\tenant\interceptor\TenantInterceptor.class
cn\lwx\lwxaiagent\entity\GuardrailRule.class
cn\lwx\lwxaiagent\infrastructure\ai\VisionPort.class
cn\lwx\lwxaiagent\tools\ResourceDownloadTool.class
cn\lwx\lwxaiagent\service\EvolutionService.class
cn\lwx\lwxaiagent\memory\MessageChatMemory$1.class
cn\lwx\lwxaiagent\admin\GoldenSetRunner$GoldenCase.class
cn\lwx\lwxaiagent\rag\ParentChildDocumentRetriever.class
cn\lwx\lwxaiagent\tools\KnowledgeSearchTool.class
cn\lwx\lwxaiagent\harness\governance\OutputGuardrail.class
cn\lwx\lwxaiagent\service\SandboxService.class
cn\lwx\lwxaiagent\memory\Desensitizer.class
cn\lwx\lwxaiagent\memory\MemoryExtractor$ExtractionResult.class
cn\lwx\lwxaiagent\controller\SandboxController.class
cn\lwx\lwxaiagent\infrastructure\orchestration\graph\node\AgentToolNode.class
cn\lwx\lwxaiagent\tools\ToolRegistration.class
cn\lwx\lwxaiagent\infrastructure\orchestration\AgentResult.class
cn\lwx\lwxaiagent\rag\KnowledgeBaseIncrementalSync.class
cn\lwx\lwxaiagent\service\AgentTaskScheduler.class
cn\lwx\lwxaiagent\entity\AgentTask.class
cn\lwx\lwxaiagent\tenant\context\TenantContext.class
cn\lwx\lwxaiagent\entity\User.class
cn\lwx\lwxaiagent\common\BizException.class
cn\lwx\lwxaiagent\controller\MemoryFactsController.class
cn\lwx\lwxaiagent\service\InsightService.class
cn\lwx\lwxaiagent\mapper\SandboxSessionMapper.class
cn\lwx\lwxaiagent\infrastructure\orchestration\graph\node\SandboxChatNode.class
cn\lwx\lwxaiagent\entity\GuardrailEvent.class
cn\lwx\lwxaiagent\infrastructure\scheduler\SchedulerProperties.class
cn\lwx\lwxaiagent\service\EvolutionService$VoteRequest.class
cn\lwx\lwxaiagent\memory\ChatMemoryFactory.class
cn\lwx\lwxaiagent\controller\MediaController.class
cn\lwx\lwxaiagent\rag\rerank\DocumentReranker.class
cn\lwx\lwxaiagent\tools\TerminateTool.class
cn\lwx\lwxaiagent\memory\MemoryService.class
cn\lwx\lwxaiagent\rag\MyTokenTextSplitter.class
cn\lwx\lwxaiagent\entity\InsightRecord.class
cn\lwx\lwxaiagent\infrastructure\orchestration\CapabilitySet.class
cn\lwx\lwxaiagent\retrieval\RetrieverType.class
cn\lwx\lwxaiagent\infrastructure\scheduler\SchedulerProperties$SchedulerSpec.class
cn\lwx\lwxaiagent\infrastructure\orchestration\graph\node\GraphVisionNode.class
cn\lwx\lwxaiagent\controller\InsightController.class
cn\lwx\lwxaiagent\config\SPAFallbackConfig.class
cn\lwx\lwxaiagent\entity\EvolutionSkill.class
cn\lwx\lwxaiagent\infrastructure\orchestration\ChatExecutor$AdviceTier.class
cn\lwx\lwxaiagent\config\ChatModelConfig.class
cn\lwx\lwxaiagent\harness\observability\ObservabilityConfig.class
cn\lwx\lwxaiagent\retrieval\HybridRetrievalProperties$Es.class
cn\lwx\lwxaiagent\infrastructure\orchestration\graph\node\QuickAnswerNode.class
cn\lwx\lwxaiagent\infrastructure\orchestration\StreamRegistry$StreamSink.class
cn\lwx\lwxaiagent\memory\config\MemoryProperties.class
cn\lwx\lwxaiagent\entity\KnowledgeVote.class
cn\lwx\lwxaiagent\infrastructure\orchestration\AgentDefinition.class
cn\lwx\lwxaiagent\infrastructure\orchestration\AgentResult$ShallowResult.class
cn\lwx\lwxaiagent\entity\MessageMedia.class
cn\lwx\lwxaiagent\infrastructure\orchestration\ChatEntry.class
cn\lwx\lwxaiagent\entity\KnowledgeEntry.class
cn\lwx\lwxaiagent\tenant\AdminGuard.class
