D:\java\lwx-ai-agent\src\main\java\cn\lwx\lwxaiagent\admin\AdminController.java
D:\java\lwx-ai-agent\src\main\java\cn\lwx\lwxaiagent\admin\GoldenSetRunner.java
D:\java\lwx-ai-agent\src\main\java\cn\lwx\lwxaiagent\admin\PromptVersionService.java
D:\java\lwx-ai-agent\src\main\java\cn\lwx\lwxaiagent\canary\CanaryConfig.java
D:\java\lwx-ai-agent\src\main\java\cn\lwx\lwxaiagent\canary\CanaryContext.java
D:\java\lwx-ai-agent\src\main\java\cn\lwx\lwxaiagent\canary\CanaryInterceptor.java
D:\java\lwx-ai-agent\src\main\java\cn\lwx\lwxaiagent\common\BizException.java
D:\java\lwx-ai-agent\src\main\java\cn\lwx\lwxaiagent\common\GlobalExceptionHandler.java
D:\java\lwx-ai-agent\src\main\java\cn\lwx\lwxaiagent\common\Result.java
D:\java\lwx-ai-agent\src\main\java\cn\lwx\lwxaiagent\config\ChatModelConfig.java
D:\java\lwx-ai-agent\src\main\java\cn\lwx\lwxaiagent\config\CorsConfig.java
D:\java\lwx-ai-agent\src\main\java\cn\lwx\lwxaiagent\config\EmbeddingModelConfig.java
D:\java\lwx-ai-agent\src\main\java\cn\lwx\lwxaiagent\config\PgvectorProperties.java
D:\java\lwx-ai-agent\src\main\java\cn\lwx\lwxaiagent\config\RedisConfig.java
D:\java\lwx-ai-agent\src\main\java\cn\lwx\lwxaiagent\config\SPAFallbackConfig.java
D:\java\lwx-ai-agent\src\main\java\cn\lwx\lwxaiagent\constant\FileConstant.java
D:\java\lwx-ai-agent\src\main\java\cn\lwx\lwxaiagent\controller\AiController.java
D:\java\lwx-ai-agent\src\main\java\cn\lwx\lwxaiagent\controller\AuthController.java
D:\java\lwx-ai-agent\src\main\java\cn\lwx\lwxaiagent\controller\InsightController.java
D:\java\lwx-ai-agent\src\main\java\cn\lwx\lwxaiagent\controller\MediaController.java
D:\java\lwx-ai-agent\src\main\java\cn\lwx\lwxaiagent\controller\MemoryController.java
D:\java\lwx-ai-agent\src\main\java\cn\lwx\lwxaiagent\controller\MemoryFactsController.java
D:\java\lwx-ai-agent\src\main\java\cn\lwx\lwxaiagent\controller\SandboxController.java
D:\java\lwx-ai-agent\src\main\java\cn\lwx\lwxaiagent\controller\VoteController.java
D:\java\lwx-ai-agent\src\main\java\cn\lwx\lwxaiagent\entity\AgentTask.java
D:\java\lwx-ai-agent\src\main\java\cn\lwx\lwxaiagent\entity\ConversationSummary.java
D:\java\lwx-ai-agent\src\main\java\cn\lwx\lwxaiagent\entity\EvolutionSkill.java
D:\java\lwx-ai-agent\src\main\java\cn\lwx\lwxaiagent\entity\GuardrailEvent.java
D:\java\lwx-ai-agent\src\main\java\cn\lwx\lwxaiagent\entity\GuardrailRule.java
D:\java\lwx-ai-agent\src\main\java\cn\lwx\lwxaiagent\entity\InsightRecord.java
D:\java\lwx-ai-agent\src\main\java\cn\lwx\lwxaiagent\entity\KnowledgeEntry.java
D:\java\lwx-ai-agent\src\main\java\cn\lwx\lwxaiagent\entity\KnowledgeVote.java
D:\java\lwx-ai-agent\src\main\java\cn\lwx\lwxaiagent\entity\Message.java
D:\java\lwx-ai-agent\src\main\java\cn\lwx\lwxaiagent\entity\MessageMedia.java
D:\java\lwx-ai-agent\src\main\java\cn\lwx\lwxaiagent\entity\RelationshipProfile.java
D:\java\lwx-ai-agent\src\main\java\cn\lwx\lwxaiagent\entity\SandboxMemory.java
D:\java\lwx-ai-agent\src\main\java\cn\lwx\lwxaiagent\entity\SandboxPersona.java
D:\java\lwx-ai-agent\src\main\java\cn\lwx\lwxaiagent\entity\SandboxSession.java
D:\java\lwx-ai-agent\src\main\java\cn\lwx\lwxaiagent\entity\User.java
D:\java\lwx-ai-agent\src\main\java\cn\lwx\lwxaiagent\entity\UserMemory.java
D:\java\lwx-ai-agent\src\main\java\cn\lwx\lwxaiagent\evolution\config\EvolutionConfig.java
D:\java\lwx-ai-agent\src\main\java\cn\lwx\lwxaiagent\evolution\config\EvolutionProperties.java
D:\java\lwx-ai-agent\src\main\java\cn\lwx\lwxaiagent\evolution\ReflectionScheduler.java
D:\java\lwx-ai-agent\src\main\java\cn\lwx\lwxaiagent\evolution\SessionTracker.java
D:\java\lwx-ai-agent\src\main\java\cn\lwx\lwxaiagent\evolution\SkillIngestor.java
D:\java\lwx-ai-agent\src\main\java\cn\lwx\lwxaiagent\evolution\SkillReflector.java
D:\java\lwx-ai-agent\src\main\java\cn\lwx\lwxaiagent\evolution\SkillRetriever.java
D:\java\lwx-ai-agent\src\main\java\cn\lwx\lwxaiagent\harness\governance\GuardrailAdvisor.java
D:\java\lwx-ai-agent\src\main\java\cn\lwx\lwxaiagent\harness\governance\GuardrailResult.java
D:\java\lwx-ai-agent\src\main\java\cn\lwx\lwxaiagent\harness\governance\GuardrailRuleService.java
D:\java\lwx-ai-agent\src\main\java\cn\lwx\lwxaiagent\harness\governance\OutputGuardrail.java
D:\java\lwx-ai-agent\src\main\java\cn\lwx\lwxaiagent\harness\MyLoggerAdvisor.java
D:\java\lwx-ai-agent\src\main\java\cn\lwx\lwxaiagent\harness\observability\ObservabilityConfig.java
D:\java\lwx-ai-agent\src\main\java\cn\lwx\lwxaiagent\infrastructure\ai\AgentGuardrailInterceptor.java
D:\java\lwx-ai-agent\src\main\java\cn\lwx\lwxaiagent\infrastructure\ai\AgentMetricsInterceptor.java
D:\java\lwx-ai-agent\src\main\java\cn\lwx\lwxaiagent\infrastructure\ai\LlmGateway.java
D:\java\lwx-ai-agent\src\main\java\cn\lwx\lwxaiagent\infrastructure\ai\LlmGatewayProperties.java
D:\java\lwx-ai-agent\src\main\java\cn\lwx\lwxaiagent\infrastructure\ai\VisionChatClient.java
D:\java\lwx-ai-agent\src\main\java\cn\lwx\lwxaiagent\infrastructure\ai\VisionPort.java
D:\java\lwx-ai-agent\src\main\java\cn\lwx\lwxaiagent\infrastructure\EncryptionService.java
D:\java\lwx-ai-agent\src\main\java\cn\lwx\lwxaiagent\infrastructure\observability\LangfuseProperties.java
D:\java\lwx-ai-agent\src\main\java\cn\lwx\lwxaiagent\infrastructure\observability\LangfuseReporter.java
D:\java\lwx-ai-agent\src\main\java\cn\lwx\lwxaiagent\infrastructure\orchestration\AgentDefinition.java
D:\java\lwx-ai-agent\src\main\java\cn\lwx\lwxaiagent\infrastructure\orchestration\AgentRegistry.java
D:\java\lwx-ai-agent\src\main\java\cn\lwx\lwxaiagent\infrastructure\orchestration\AgentResult.java
D:\java\lwx-ai-agent\src\main\java\cn\lwx\lwxaiagent\infrastructure\orchestration\CapabilityRouter.java
D:\java\lwx-ai-agent\src\main\java\cn\lwx\lwxaiagent\infrastructure\orchestration\CapabilitySet.java
D:\java\lwx-ai-agent\src\main\java\cn\lwx\lwxaiagent\infrastructure\orchestration\ChatEntry.java
D:\java\lwx-ai-agent\src\main\java\cn\lwx\lwxaiagent\infrastructure\orchestration\ChatExecutor.java
D:\java\lwx-ai-agent\src\main\java\cn\lwx\lwxaiagent\infrastructure\orchestration\graph\GraphCheckpointConfig.java
D:\java\lwx-ai-agent\src\main\java\cn\lwx\lwxaiagent\infrastructure\orchestration\graph\GraphNodes.java
D:\java\lwx-ai-agent\src\main\java\cn\lwx\lwxaiagent\infrastructure\orchestration\graph\GraphObservability.java
D:\java\lwx-ai-agent\src\main\java\cn\lwx\lwxaiagent\infrastructure\orchestration\graph\GraphRunner.java
D:\java\lwx-ai-agent\src\main\java\cn\lwx\lwxaiagent\infrastructure\orchestration\graph\GraphStateKeys.java
D:\java\lwx-ai-agent\src\main\java\cn\lwx\lwxaiagent\infrastructure\orchestration\graph\node\AgentLlmNode.java
D:\java\lwx-ai-agent\src\main\java\cn\lwx\lwxaiagent\infrastructure\orchestration\graph\node\AgentToolNode.java
D:\java\lwx-ai-agent\src\main\java\cn\lwx\lwxaiagent\infrastructure\orchestration\graph\node\CheckNode.java
D:\java\lwx-ai-agent\src\main\java\cn\lwx\lwxaiagent\infrastructure\orchestration\graph\node\GraphVisionNode.java
D:\java\lwx-ai-agent\src\main\java\cn\lwx\lwxaiagent\infrastructure\orchestration\graph\node\NormalChatNode.java
D:\java\lwx-ai-agent\src\main\java\cn\lwx\lwxaiagent\infrastructure\orchestration\graph\node\QuickAnswerNode.java
D:\java\lwx-ai-agent\src\main\java\cn\lwx\lwxaiagent\infrastructure\orchestration\graph\node\SandboxChatNode.java
D:\java\lwx-ai-agent\src\main\java\cn\lwx\lwxaiagent\infrastructure\orchestration\graph\OrchestrationGraph.java
D:\java\lwx-ai-agent\src\main\java\cn\lwx\lwxaiagent\infrastructure\orchestration\StreamRegistry.java
D:\java\lwx-ai-agent\src\main\java\cn\lwx\lwxaiagent\infrastructure\orchestration\tools\AgentToolPolicy.java
D:\java\lwx-ai-agent\src\main\java\cn\lwx\lwxaiagent\infrastructure\orchestration\tools\ToolCapability.java
D:\java\lwx-ai-agent\src\main\java\cn\lwx\lwxaiagent\infrastructure\orchestration\tools\ToolResolver.java
D:\java\lwx-ai-agent\src\main\java\cn\lwx\lwxaiagent\infrastructure\scheduler\OnlineLoadTracker.java
D:\java\lwx-ai-agent\src\main\java\cn\lwx\lwxaiagent\infrastructure\scheduler\SchedulerBudget.java
D:\java\lwx-ai-agent\src\main\java\cn\lwx\lwxaiagent\infrastructure\scheduler\SchedulerProperties.java
D:\java\lwx-ai-agent\src\main\java\cn\lwx\lwxaiagent\LwxAiAgentApplication.java
D:\java\lwx-ai-agent\src\main\java\cn\lwx\lwxaiagent\mapper\AgentTaskMapper.java
D:\java\lwx-ai-agent\src\main\java\cn\lwx\lwxaiagent\mapper\ConversationSummaryMapper.java
D:\java\lwx-ai-agent\src\main\java\cn\lwx\lwxaiagent\mapper\EvolutionSkillMapper.java
D:\java\lwx-ai-agent\src\main\java\cn\lwx\lwxaiagent\mapper\GuardrailEventMapper.java
D:\java\lwx-ai-agent\src\main\java\cn\lwx\lwxaiagent\mapper\GuardrailRuleMapper.java
D:\java\lwx-ai-agent\src\main\java\cn\lwx\lwxaiagent\mapper\InsightRecordMapper.java
D:\java\lwx-ai-agent\src\main\java\cn\lwx\lwxaiagent\mapper\KnowledgeEntryMapper.java
D:\java\lwx-ai-agent\src\main\java\cn\lwx\lwxaiagent\mapper\KnowledgeVoteMapper.java
D:\java\lwx-ai-agent\src\main\java\cn\lwx\lwxaiagent\mapper\MessageMapper.java
D:\java\lwx-ai-agent\src\main\java\cn\lwx\lwxaiagent\mapper\MessageMediaMapper.java
D:\java\lwx-ai-agent\src\main\java\cn\lwx\lwxaiagent\mapper\RelationshipProfileMapper.java
D:\java\lwx-ai-agent\src\main\java\cn\lwx\lwxaiagent\mapper\SandboxMemoryMapper.java
D:\java\lwx-ai-agent\src\main\java\cn\lwx\lwxaiagent\mapper\SandboxPersonaMapper.java
D:\java\lwx-ai-agent\src\main\java\cn\lwx\lwxaiagent\mapper\SandboxSessionMapper.java
D:\java\lwx-ai-agent\src\main\java\cn\lwx\lwxaiagent\mapper\UserMapper.java
D:\java\lwx-ai-agent\src\main\java\cn\lwx\lwxaiagent\mapper\UserMemoryMapper.java
D:\java\lwx-ai-agent\src\main\java\cn\lwx\lwxaiagent\memory\ChatMemoryFactory.java
D:\java\lwx-ai-agent\src\main\java\cn\lwx\lwxaiagent\memory\config\MemoryProperties.java
D:\java\lwx-ai-agent\src\main\java\cn\lwx\lwxaiagent\memory\Desensitizer.java
D:\java\lwx-ai-agent\src\main\java\cn\lwx\lwxaiagent\memory\MemoryExtractionScheduler.java
D:\java\lwx-ai-agent\src\main\java\cn\lwx\lwxaiagent\memory\MemoryExtractor.java
D:\java\lwx-ai-agent\src\main\java\cn\lwx\lwxaiagent\memory\MemoryService.java
D:\java\lwx-ai-agent\src\main\java\cn\lwx\lwxaiagent\memory\MemoryStore.java
D:\java\lwx-ai-agent\src\main\java\cn\lwx\lwxaiagent\memory\MemoryVectorStore.java
D:\java\lwx-ai-agent\src\main\java\cn\lwx\lwxaiagent\memory\MessageChatMemory.java
D:\java\lwx-ai-agent\src\main\java\cn\lwx\lwxaiagent\rag\KnowledgeBaseIncrementalSync.java
D:\java\lwx-ai-agent\src\main\java\cn\lwx\lwxaiagent\rag\LoveAppDocumentLoader.java
D:\java\lwx-ai-agent\src\main\java\cn\lwx\lwxaiagent\rag\MyKeywordEnricher.java
D:\java\lwx-ai-agent\src\main\java\cn\lwx\lwxaiagent\rag\MyTokenTextSplitter.java
D:\java\lwx-ai-agent\src\main\java\cn\lwx\lwxaiagent\rag\ParentChildDocumentRetriever.java
D:\java\lwx-ai-agent\src\main\java\cn\lwx\lwxaiagent\rag\ParentChildDocumentTransformer.java
D:\java\lwx-ai-agent\src\main\java\cn\lwx\lwxaiagent\rag\PgVectorVectorStoreConfig.java
D:\java\lwx-ai-agent\src\main\java\cn\lwx\lwxaiagent\rag\QueryRewriter.java
D:\java\lwx-ai-agent\src\main\java\cn\lwx\lwxaiagent\rag\RagAdvisorConfig.java
D:\java\lwx-ai-agent\src\main\java\cn\lwx\lwxaiagent\rag\rerank\DocumentReranker.java
D:\java\lwx-ai-agent\src\main\java\cn\lwx\lwxaiagent\rag\rerank\LlmDocumentReranker.java
D:\java\lwx-ai-agent\src\main\java\cn\lwx\lwxaiagent\rag\rerank\RerankDocumentPostProcessor.java
D:\java\lwx-ai-agent\src\main\java\cn\lwx\lwxaiagent\rag\rerank\RerankProperties.java
D:\java\lwx-ai-agent\src\main\java\cn\lwx\lwxaiagent\retrieval\HybridRetrievalProperties.java
D:\java\lwx-ai-agent\src\main\java\cn\lwx\lwxaiagent\retrieval\HybridRetrievalService.java
D:\java\lwx-ai-agent\src\main\java\cn\lwx\lwxaiagent\retrieval\RetrieverType.java
D:\java\lwx-ai-agent\src\main\java\cn\lwx\lwxaiagent\service\AgentTaskScheduler.java
D:\java\lwx-ai-agent\src\main\java\cn\lwx\lwxaiagent\service\AgentTaskService.java
D:\java\lwx-ai-agent\src\main\java\cn\lwx\lwxaiagent\service\ChatService.java
D:\java\lwx-ai-agent\src\main\java\cn\lwx\lwxaiagent\service\DeleteService.java
D:\java\lwx-ai-agent\src\main\java\cn\lwx\lwxaiagent\service\EvolutionService.java
D:\java\lwx-ai-agent\src\main\java\cn\lwx\lwxaiagent\service\InsightService.java
D:\java\lwx-ai-agent\src\main\java\cn\lwx\lwxaiagent\service\RateLimiter.java
D:\java\lwx-ai-agent\src\main\java\cn\lwx\lwxaiagent\service\SandboxDriftDetector.java
D:\java\lwx-ai-agent\src\main\java\cn\lwx\lwxaiagent\service\SandboxService.java
D:\java\lwx-ai-agent\src\main\java\cn\lwx\lwxaiagent\tenant\AdminGuard.java
D:\java\lwx-ai-agent\src\main\java\cn\lwx\lwxaiagent\tenant\config\SecurityConfig.java
D:\java\lwx-ai-agent\src\main\java\cn\lwx\lwxaiagent\tenant\context\TenantContext.java
D:\java\lwx-ai-agent\src\main\java\cn\lwx\lwxaiagent\tenant\filter\TenantFilter.java
D:\java\lwx-ai-agent\src\main\java\cn\lwx\lwxaiagent\tenant\interceptor\TenantInterceptor.java
D:\java\lwx-ai-agent\src\main\java\cn\lwx\lwxaiagent\tenant\JwtTokenProvider.java
D:\java\lwx-ai-agent\src\main\java\cn\lwx\lwxaiagent\tenant\UserService.java
D:\java\lwx-ai-agent\src\main\java\cn\lwx\lwxaiagent\tools\FileOperationTool.java
D:\java\lwx-ai-agent\src\main\java\cn\lwx\lwxaiagent\tools\KnowledgeSearchTool.java
D:\java\lwx-ai-agent\src\main\java\cn\lwx\lwxaiagent\tools\PDFGenerationTool.java
D:\java\lwx-ai-agent\src\main\java\cn\lwx\lwxaiagent\tools\ResourceDownloadTool.java
D:\java\lwx-ai-agent\src\main\java\cn\lwx\lwxaiagent\tools\TerminalOperationTool.java
D:\java\lwx-ai-agent\src\main\java\cn\lwx\lwxaiagent\tools\TerminateTool.java
D:\java\lwx-ai-agent\src\main\java\cn\lwx\lwxaiagent\tools\ToolRegistration.java
